// Jest Snapshot v1, https://goo.gl/fbAQLP

exports[`should render ExpenseList with empty message 1`] = `
<div>
  <h1>
    Expense List
  </h1>
  <p>
    No expenses added yet
  </p>
</div>
`;

exports[`should render ExpenseList with expenses 1`] = `
<div>
  <h1>
    Expense List
  </h1>
  <Connect(ExpenseListItem)
    amount={195}
    createdAt={0}
    description="Test1"
    id="1"
    key="1"
    note=""
  />
  <Connect(ExpenseListItem)
    amount={5000}
    createdAt={-345600000}
    description="Test2"
    id="2"
    key="2"
    note=""
  />
  <Connect(ExpenseListItem)
    amount={300}
    createdAt={345600000}
    description="Test3"
    id="3"
    key="3"
    note=""
  />
  <Connect(ExpenseListItem)
    amount={700}
    createdAt={691200000}
    description="Test4"
    id="4"
    key="4"
    note=""
  />
  <Connect(ExpenseListItem)
    amount={1950}
    createdAt={1728000000}
    description="Test5"
    id="5"
    key="5"
    note=""
  />
</div>
`;
